== (A) deterministic pre-mutation fingerprint on a refused delete (centre reading forces the refusal)
   contents/annots/xref-count/objects unchanged after refusal: True

== (B) background sampling: two samples on ink (top sample on a 16pt underscore line above; left sample on a same-line word 2pt left)
   clipped y 104.78-113.10; samples: top (255, 255, 255) bottom (255, 255, 255) left (255, 255, 255) right (255, 255, 255)
   fill around FULL rect = (1.0, 1.0, 1.0); around CLIPPED rect = (1.0, 1.0, 1.0)

== (C) Type3 font page (ocrmypdf type3_font_nomapping.pdf): span bboxes, the 10% rule, N1
   n spans 1 first: [('\x19\x12', 'Type3 (12 0 R)', 10.0, [108.2, 64.8, 118.3, 74.8])]
   top band 0.05 of span height -> chars left in that span's line: 1 spans; page words 0->0
   top band 0.09 of span height -> chars left in that span's line: 1 spans; page words 0->0
   top band 0.11 of span height -> chars left in that span's line: 1 spans; page words 0->0
   top band 0.2 of span height -> chars left in that span's line: 1 spans; page words 0->0
   delete_block on Type3 block '\x19\x12': ok, words 0->0, ink in bbox 167->0

== (D) text inside a Form XObject: does apply_redactions(text=0) reach it? does N1 see it as a neighbour?
   spans seen: [('XOBJ line one gyp', [82.0, 87.1, 181.4, 103.6]), ('XOBJ line two gyp', [82.0, 100.1, 180.0, 116.6]), ('PAGE text line', [72.0, 147.4, 145.3, 163.4])]
   after redacting 'XOBJ line one' with today's rect: spans: ['PAGE text line'] ; ink in its bbox: 0
   with N1 clip (87.1-100.1): spans: ['XOBJ line two gyp']; ink in bbox: 0
   nested xobject, today's rect: spans left: [] ; ink: 0

== (E) widget / annotation appearance text (libreoffice-form.pdf, acroform.pdf)
   libreoffice-form.pdf: widgets=9 annots=0 text spans=14; widget values: [('Last Name', '', [273.3, 125.7, 357.0, 129.5]), ('First Name', 'Alice', [119.5, 123.8, 203.9, 131.5]), ('Birthday', '', [119.7, 137.3, 232.6, 149.2])]
      spans overlapping widget 'First Name' rect [119.5, 123.8, 203.9, 131.5]: ['Alice']
      nearest spans: [('Last Name', [215.7, 121.4, 268.4, 133.8]), ('Alice', [121.5, 119.1, 145.4, 134.2])]
      after redacting 'Last Name' (rect intersects widget: False): widgets 9->9; value now ['TYPED VALUE']
   acroform.pdf: widgets=1 annots=0 text spans=0; widget values: [('Check Box4', '', [170.4, 49.6, 188.4, 67.6])]

== (F) vector-outline 'text' (glyphs drawn as paths) as the neighbour of a real-text target
   target bbox [72.0, 100.1, 189.37, 116.59] ; drawings: 60
   N1 clip = 100.10-116.59 (no text neighbours -> unclipped); outline-neighbour ink above 8760->7815, below 7800->7800; drawings left 61

== (G) rotated text through the real engine (rotate=90 lines at pitch 13, 12pt): delete the middle one
   target dir (0.0, -1.0) bbox [200.1, 265.3, 216.6, 400.0]
   delete_block: words left: []
   pitch 15: delete_block: words left: ['LINE0', 'LINE2', 'gyp', 'gyp', 'rotated', 'rotated', 'text', 'text']

== (H) N3(b) cost: two image re-encodes. sandwich.pdf (1-bit CCITT scan) and a JPEG scan
   sandwich.pdf: original image xref 12 filter ('name', '/CCITTFaxDecode') stream len 99150 file 115467
      after 1 redaction(s) with images=2: image filter ('null', 'null') stream len 1052700 file 176817
      after 2 redaction(s) with images=2: image filter ('null', 'null') stream len 1052700 file 176849
   JPEG scan: filter ('name', '/DCTDecode') stream 36287
      after 1 redaction(s): filter ('null', 'null') stream 1875000
      after 2 redaction(s): filter ('null', 'null') stream 1875000
